2025-12-16 20:02:17 [error] 获取用户信息失败: 无效的token, 错误信息: jwt expired
2025-12-16 22:35:00 [error] 获取用户信息失败: 无效的token, 错误信息: invalid signature
2025-12-16 22:38:37 [error] 获取用户信息失败: 无效的token, 错误信息: invalid signature
2025-12-16 22:38:49 [error] 获取用户信息失败: 无效的token, 错误信息: invalid signature
2025-12-16 22:39:46 [error] 获取用户信息失败: 无效的token, 错误信息: invalid signature
2025-12-16 22:39:58 [error] 获取用户信息失败: 无效的token, 错误信息: invalid signature
2025-12-16 22:42:39 [error] 获取用户信息失败: 无效的token, 错误信息: invalid signature
2025-12-16 22:42:47 [error] 获取用户信息失败: 无效的token, 错误信息: invalid signature
2025-12-16 22:44:24 [error] 获取用户信息失败: 无效的token, 错误信息: invalid signature
2025-12-16 22:44:35 [error] 获取用户信息失败: 无效的token, 错误信息: invalid signature
2025-12-16 22:46:19 [error] 获取用户信息失败: 无效的token, 错误信息: invalid signature
2025-12-16 22:46:23 [error] 获取用户信息失败: 无效的token, 错误信息: invalid signature
2025-12-16 22:47:21 [error] 获取用户信息失败: 无效的token, 错误信息: invalid signature
2025-12-16 22:47:29 [error] 获取用户信息失败: 无效的token, 错误信息: invalid signature
2025-12-16 22:51:20 [error] 获取用户信息失败: 无效的token, 错误信息: invalid signature
2025-12-16 22:51:30 [error] 获取用户信息失败: 无效的token, 错误信息: invalid signature
2025-12-16 22:54:18 [error] 获取用户信息失败: 无效的token, 错误信息: invalid signature
2025-12-16 22:54:29 [error] 获取用户信息失败: 无效的token, 错误信息: invalid signature
2025-12-16 22:55:00 [error] 获取用户信息失败: 无效的token, 错误信息: invalid signature
2025-12-16 22:55:11 [error] 获取用户信息失败: 无效的token, 错误信息: invalid signature
2025-12-16 22:55:40 [error] 获取用户信息失败: 无效的token, 错误信息: invalid signature
2025-12-16 22:55:50 [error] 获取用户信息失败: 无效的token, 错误信息: invalid signature
2025-12-16 22:57:32 [error] 获取用户信息失败: 无效的token, 错误信息: invalid signature
2025-12-16 22:57:42 [error] 获取用户信息失败: 无效的token, 错误信息: invalid signature
2025-12-16 23:01:04 [error] 获取用户信息失败: 无效的token, 错误信息: invalid signature
2025-12-16 23:01:16 [error] 获取用户信息失败: 无效的token, 错误信息: invalid signature
2025-12-16 23:06:30 [error] 获取用户信息失败: 无效的token, 错误信息: invalid signature
2025-12-16 23:06:41 [error] 获取用户信息失败: 无效的token, 错误信息: invalid signature
2025-12-16 23:06:58 [error] 获取用户信息失败: 无效的token, 错误信息: invalid signature
2025-12-16 23:06:58 [error] 获取用户信息失败: 无效的token, 错误信息: invalid signature
2025-12-16 23:06:59 [error] 获取用户信息失败: 无效的token, 错误信息: invalid signature
2025-12-16 23:06:59 [error] 获取用户信息失败: 无效的token, 错误信息: invalid signature
2025-12-16 23:08:05 [error] 获取用户信息失败: 无效的token, 错误信息: invalid signature
2025-12-16 23:08:17 [error] 获取用户信息失败: 无效的token, 错误信息: invalid signature
2025-12-16 23:08:34 [error] 获取用户信息失败: 无效的token, 错误信息: invalid signature
2025-12-16 23:08:36 [error] 获取用户信息失败: 无效的token, 错误信息: invalid signature
2025-12-16 23:10:34 [error] 获取用户信息失败: 无效的token, 错误信息: invalid signature
2025-12-16 23:11:16 [error] 获取用户信息失败: 无效的token, 错误信息: invalid signature
2025-12-16 23:11:55 [error] 获取用户信息失败: 无效的token, 错误信息: invalid signature
2025-12-16 23:12:01 [error] 获取用户信息失败: 无效的token, 错误信息: invalid signature
2025-12-16 23:12:01 [error] 获取用户信息失败: 无效的token, 错误信息: invalid signature
2025-12-16 23:12:01 [error] 获取用户信息失败: 无效的token, 错误信息: invalid signature
2025-12-16 23:12:02 [error] 获取用户信息失败: 无效的token, 错误信息: invalid signature
2025-12-16 23:13:11 [error] 获取用户信息失败: 无效的token, 错误信息: invalid signature
2025-12-16 23:14:50 [error] 获取用户信息失败: 无效的token, 错误信息: invalid signature
2025-12-16 23:16:44 [error] 获取用户信息失败: 无效的token, 错误信息: invalid signature
2025-12-16 23:16:59 [error] 获取用户信息失败: 无效的token, 错误信息: invalid signature
2025-12-16 23:17:16 [error] 获取用户信息失败: 无效的token, 错误信息: invalid signature
2025-12-16 23:19:23 [error] 获取用户信息失败: 无效的token, 错误信息: invalid signature
2025-12-16 23:21:01 [error] 获取用户信息失败: 无效的token, 错误信息: invalid signature
2025-12-16 23:45:42 [error] 获取用户信息失败: 无效的token, 错误信息: invalid signature
2025-12-17 01:01:24 [error] 获取用户信息失败: 无效的token, 错误信息: jwt expired
2025-12-17 23:26:44 [error] 获取用户信息失败: 无效的token, 错误信息: jwt expired
2025-12-18 19:48:17 [error] 获取用户信息失败: 无效的token, 错误信息: jwt expired
2025-12-18 21:09:33 [error] 获取用户信息失败: 无效的token, 错误信息: jwt expired
2025-12-18 21:10:12 [error] 获取用户信息失败: 无效的token, 错误信息: jwt expired
2025-12-18 21:27:15 [error] 获取用户信息失败: 无效的token, 错误信息: jwt expired
2025-12-18 21:27:15 [error] 获取用户信息失败: 无效的token, 错误信息: jwt expired
2025-12-18 21:27:15 [error] 获取用户信息失败: 无效的token, 错误信息: jwt expired
2025-12-18 21:35:46 [error] 获取用户信息失败: 无效的token, 错误信息: jwt expired
2025-12-18 21:35:54 [error] 获取用户信息失败: 无效的token, 错误信息: jwt expired
2025-12-18 21:36:26 [error] 获取用户信息失败: 无效的token, 错误信息: jwt expired
2025-12-18 21:44:28 [error] 获取用户信息失败: 无效的token, 错误信息: jwt expired
2025-12-18 22:00:56 [error] 获取用户信息失败: 无效的token, 错误信息: jwt expired
2025-12-18 22:09:21 [error] 获取用户信息失败: 无效的token, 错误信息: jwt expired
2025-12-18 22:10:10 [error] 获取用户信息失败: 无效的token, 错误信息: jwt expired
2025-12-18 22:10:35 [error] 获取用户信息失败: 无效的token, 错误信息: jwt expired
2025-12-18 22:11:13 [error] 获取用户信息失败: 无效的token, 错误信息: jwt expired
2025-12-18 22:16:57 [error] 获取用户信息失败: 无效的token, 错误信息: jwt expired
2025-12-18 22:18:12 [error] 获取用户信息失败: 无效的token, 错误信息: jwt expired
2025-12-19 18:50:49 [error] 获取用户信息失败: 无效的token, 错误信息: jwt expired
2025-12-19 18:51:09 [error] 获取用户信息失败: 无效的token, 错误信息: jwt expired
2025-12-19 19:12:27 [error] 获取用户信息失败: 无效的token, 错误信息: jwt expired
2025-12-19 19:12:48 [error] 获取用户信息失败: 无效的token, 错误信息: jwt expired
2025-12-19 23:20:11 [error] 获取用户信息失败: 无效的token, 错误信息: jwt expired
2025-12-19 23:20:11 [error] 获取用户信息失败: 无效的token, 错误信息: jwt expired
2025-12-19 23:22:14 [error] 获取用户信息失败: 无效的token, 错误信息: jwt expired
2025-12-19 23:22:14 [error] 获取用户信息失败: 无效的token, 错误信息: jwt expired
2025-12-19 23:27:51 [error] 获取用户信息失败: 无效的token, 错误信息: jwt expired
2025-12-19 23:56:18 [error] 获取用户信息失败: 无效的token, 错误信息: jwt expired
2025-12-20 01:23:49 [error] 获取用户信息失败: 无效的token, 错误信息: jwt expired
2025-12-20 01:23:53 [error] 获取用户信息失败: 无效的token, 错误信息: jwt expired
2026-06-06 15:28:45 [error] AI对话请求失败: Request failed with status code 401，耗时 90ms
2026-06-06 15:28:45 [error] 错误详情: {
  "message": "Request failed with status code 401",
  "name": "AxiosError",
  "stack": "AxiosError: Request failed with status code 401\n    at settle (D:\\Projects\\AccountBook\\accountBook-F-B-S\\AccountBook-F-B-S\\backend\\node_modules\\axios\\dist\\node\\axios.cjs:2106:12)\n    at IncomingMessage.handleStreamEnd (D:\\Projects\\AccountBook\\accountBook-F-B-S\\AccountBook-F-B-S\\backend\\node_modules\\axios\\dist\\node\\axios.cjs:3491:11)\n    at IncomingMessage.emit (node:events:530:35)\n    at endReadableNT (node:internal/streams/readable:1698:12)\n    at process.processTicksAndRejections (node:internal/process/task_queues:90:21)\n    at Axios.request (D:\\Projects\\AccountBook\\accountBook-F-B-S\\AccountBook-F-B-S\\backend\\node_modules\\axios\\dist\\node\\axios.cjs:4731:41)\n    at process.processTicksAndRejections (node:internal/process/task_queues:105:5)\n    at async AIService.callAIConversation (D:\\Projects\\AccountBook\\accountBook-F-B-S\\AccountBook-F-B-S\\backend\\services\\aiService.js:112:24)\n    at async D:\\Projects\\AccountBook\\accountBook-F-B-S\\AccountBook-F-B-S\\backend\\routes\\api\\ai.js:87:24",
  "config": {
    "transitional": {
      "silentJSONParsing": true,
      "forcedJSONParsing": true,
      "clarifyTimeoutError": false
    },
    "adapter": [
      "xhr",
      "http",
      "fetch"
    ],
    "transformRequest": [
      null
    ],
    "transformResponse": [
      null
    ],
    "timeout": 25000,
    "xsrfCookieName": "XSRF-TOKEN",
    "xsrfHeaderName": "X-XSRF-TOKEN",
    "maxContentLength": -1,
    "maxBodyLength": -1,
    "env": {},
    "headers": {
      "Accept": "application/json, text/plain, */*",
      "Content-Type": "application/json",
      "Authorization": "Bearer ark-8f703346-b05c-4b53-8399-0b286e906a0b-58682",
      "User-Agent": "axios/1.13.2",
      "Content-Length": "288",
      "Accept-Encoding": "gzip, compress, deflate, br"
    },
    "method": "post",
    "url": "https://ark.cn-beijing.volces.com/api/v3/chat/completions",
    "data": "{\"model\":\"doubao-seed-2-0-mini-260428\",\"messages\":[{\"role\":\"system\",\"content\":\"你是一个智能记账助手，帮助用户分析账单数据并提供财务建议。\"},{\"role\":\"user\",\"content\":\"可以给我建议吗\"},{\"role\":\"user\",\"content\":\"可以给我建议吗\"}],\"temperature\":0.7}",
    "allowAbsoluteUrls": true
  },
  "code": "ERR_BAD_REQUEST",
  "status": 401
}
2026-06-06 15:30:44 [error] AI对话请求失败: Request failed with status code 401，耗时 74ms
2026-06-06 15:30:44 [error] 错误详情: {
  "message": "Request failed with status code 401",
  "name": "AxiosError",
  "stack": "AxiosError: Request failed with status code 401\n    at settle (D:\\Projects\\AccountBook\\accountBook-F-B-S\\AccountBook-F-B-S\\backend\\node_modules\\axios\\dist\\node\\axios.cjs:2106:12)\n    at IncomingMessage.handleStreamEnd (D:\\Projects\\AccountBook\\accountBook-F-B-S\\AccountBook-F-B-S\\backend\\node_modules\\axios\\dist\\node\\axios.cjs:3491:11)\n    at IncomingMessage.emit (node:events:530:35)\n    at endReadableNT (node:internal/streams/readable:1698:12)\n    at process.processTicksAndRejections (node:internal/process/task_queues:90:21)\n    at Axios.request (D:\\Projects\\AccountBook\\accountBook-F-B-S\\AccountBook-F-B-S\\backend\\node_modules\\axios\\dist\\node\\axios.cjs:4731:41)\n    at process.processTicksAndRejections (node:internal/process/task_queues:105:5)\n    at async AIService.callAIConversation (D:\\Projects\\AccountBook\\accountBook-F-B-S\\AccountBook-F-B-S\\backend\\services\\aiService.js:112:24)\n    at async D:\\Projects\\AccountBook\\accountBook-F-B-S\\AccountBook-F-B-S\\backend\\routes\\api\\ai.js:87:24",
  "config": {
    "transitional": {
      "silentJSONParsing": true,
      "forcedJSONParsing": true,
      "clarifyTimeoutError": false
    },
    "adapter": [
      "xhr",
      "http",
      "fetch"
    ],
    "transformRequest": [
      null
    ],
    "transformResponse": [
      null
    ],
    "timeout": 25000,
    "xsrfCookieName": "XSRF-TOKEN",
    "xsrfHeaderName": "X-XSRF-TOKEN",
    "maxContentLength": -1,
    "maxBodyLength": -1,
    "env": {},
    "headers": {
      "Accept": "application/json, text/plain, */*",
      "Content-Type": "application/json",
      "Authorization": "Bearer ark-8f703346-b05c-4b53-8399-0b286e906a0b-58682",
      "User-Agent": "axios/1.13.2",
      "Content-Length": "270",
      "Accept-Encoding": "gzip, compress, deflate, br"
    },
    "method": "post",
    "url": "https://ark.cn-beijing.volces.com/api/v3/chat/completions",
    "data": "{\"model\":\"doubao-seed-2-0-mini-260428\",\"messages\":[{\"role\":\"system\",\"content\":\"你是一个智能记账助手，帮助用户分析账单数据并提供财务建议。\"},{\"role\":\"user\",\"content\":\"如何理财\"},{\"role\":\"user\",\"content\":\"如何理财\"}],\"temperature\":0.7}",
    "allowAbsoluteUrls": true
  },
  "code": "ERR_BAD_REQUEST",
  "status": 401
}
2026-06-06 15:31:26 [error] AI对话请求失败: Request failed with status code 401，耗时 66ms
2026-06-06 15:31:26 [error] 错误详情: {
  "message": "Request failed with status code 401",
  "name": "AxiosError",
  "stack": "AxiosError: Request failed with status code 401\n    at settle (D:\\Projects\\AccountBook\\accountBook-F-B-S\\AccountBook-F-B-S\\backend\\node_modules\\axios\\dist\\node\\axios.cjs:2106:12)\n    at IncomingMessage.handleStreamEnd (D:\\Projects\\AccountBook\\accountBook-F-B-S\\AccountBook-F-B-S\\backend\\node_modules\\axios\\dist\\node\\axios.cjs:3491:11)\n    at IncomingMessage.emit (node:events:530:35)\n    at endReadableNT (node:internal/streams/readable:1698:12)\n    at process.processTicksAndRejections (node:internal/process/task_queues:90:21)\n    at Axios.request (D:\\Projects\\AccountBook\\accountBook-F-B-S\\AccountBook-F-B-S\\backend\\node_modules\\axios\\dist\\node\\axios.cjs:4731:41)\n    at process.processTicksAndRejections (node:internal/process/task_queues:105:5)\n    at async AIService.callAIConversation (D:\\Projects\\AccountBook\\accountBook-F-B-S\\AccountBook-F-B-S\\backend\\services\\aiService.js:112:24)\n    at async D:\\Projects\\AccountBook\\accountBook-F-B-S\\AccountBook-F-B-S\\backend\\routes\\api\\ai.js:87:24",
  "config": {
    "transitional": {
      "silentJSONParsing": true,
      "forcedJSONParsing": true,
      "clarifyTimeoutError": false
    },
    "adapter": [
      "xhr",
      "http",
      "fetch"
    ],
    "transformRequest": [
      null
    ],
    "transformResponse": [
      null
    ],
    "timeout": 25000,
    "xsrfCookieName": "XSRF-TOKEN",
    "xsrfHeaderName": "X-XSRF-TOKEN",
    "maxContentLength": -1,
    "maxBodyLength": -1,
    "env": {},
    "headers": {
      "Accept": "application/json, text/plain, */*",
      "Content-Type": "application/json",
      "Authorization": "Bearer ark-8f703346-b05c-4b53-8399-0b286e906a0b-58682",
      "User-Agent": "axios/1.13.2",
      "Content-Length": "270",
      "Accept-Encoding": "gzip, compress, deflate, br"
    },
    "method": "post",
    "url": "https://ark.cn-beijing.volces.com/api/v3/chat/completions",
    "data": "{\"model\":\"doubao-seed-2-0-mini-260428\",\"messages\":[{\"role\":\"system\",\"content\":\"你是一个智能记账助手，帮助用户分析账单数据并提供财务建议。\"},{\"role\":\"user\",\"content\":\"如何理财\"},{\"role\":\"user\",\"content\":\"如何理财\"}],\"temperature\":0.7}",
    "allowAbsoluteUrls": true
  },
  "code": "ERR_BAD_REQUEST",
  "status": 401
}
